DioDict3B
116114_JDUOS_V3.0.apk
AlarmWidget.apk
AlarmWidget.odex
Autonav_V5.0.apk
BaiduNetdisk.apk
ChatON_feature.apk
CHS_J_Device_only.apk
ClockPackageChina.apk
ClockPackageChina.odex
CMAWeatherPhone2013.apk
DaoDao.apk
DigitalClock21.apk
DigitalClock21.odex
DigitalClock.apk
DigitalClock.odex
DioDict3_for_Android_Phone_Samsung_Chn.apk
DioDict3Service.apk
DualClockDigital.apk
DualClockDigital.odex
Flipboard1.8.4.apk
FotaClient.apk
FotaClient.odex
KNOXAgent.apk
KNOXAgent.odex
KNOXStore.apk
KNOXStore.odex
LocalFOTA.apk
MobileEmail_JDUOS_V3.0.apk
MobileOffice_JDUOS_V1.0.apk
MusicHub_V2.0.apk
Netease.apk
QQBrowser_V3.0_Deletable.apk
QQInterceptService.apk
QQInterceptUpdate.apk
QQ_V2012_Deletable.apk
Qzone_V1.0.apk
SamsungBooks.apk
SamsungGames.apk
SamsungHub.apk
SamsungHubUpdater.apk
SamsungLearning.apk
SamsungMusic.apk
SBrowser_CHN.apk
SBrowser_CHN.odex
SBrowserTry_CHN.apk
SBrowserTry_CHN.odex
SearchBoxBaidu.apk
Sinamicroblog_V3.0_Deletable.apk
SinaNewsPhone2013.apk
SinaStockPhone2013.apk
SNS_China.apk
SNS_China.odex
StraightFlush_V6.0.apk
TencentWidget.apk
TencentWidget.odex
TwDVFSApp.apk
TwDVFSApp.odex
VideoHub_CHN.apk
WeChat_V4.0.apk
WoPortal_JDUOS_V1.0.apk
WoStore_JDUOS_V3.0.apk
